// Jest Snapshot v1, https://goo.gl/fbAQLP

exports[`DeckOfCards component renders deck of cards 1`] = `
<Deck
  justify="center"
>
  <Card
    _id="5da23754845fd2cb76d59f0b"
    image="https://media.tenor.com/images/8f6432a3fae8f961b38c107fb46f6722/tenor.gif"
    key="5da23754845fd2cb76d59f0b"
  />
  <Card
    _id="5da237699734fdcb7bef8f52"
    image="https://vignette.wikia.nocookie.net/heyarnold/images/7/79/GrandpaPhil.png/revision/latest/scale-to-width-down/300?cb=20160924030436"
    key="5da237699734fdcb7bef8f52"
    name="Grandpa Phil"
  />
</Deck>
`;
